******************************************************************************
                  TI ARM Linker PC v16.9.6                     
******************************************************************************
>> Linked Mon Feb 19 15:30:52 2018

OUTPUT FILE NAME:   <Terminal_RTC_set_With_SD.out>
ENTRY POINT SYMBOL: "_c_int00"  address: 00003631


MEMORY CONFIGURATION

         name            origin    length      used     unused   attr    fill
----------------------  --------  ---------  --------  --------  ----  --------
  MAIN                  00000000   00040000  00003cda  0003c326  R  X
  INFO                  00200000   00004000  00000000  00004000  R  X
  SRAM_CODE             01000000   00010000  00000000  00010000  RW X
  SRAM_DATA             20000000   00010000  000003c6  0000fc3a  RW  


SEGMENT ALLOCATION MAP

run origin  load origin   length   init length attrs members
----------  ----------- ---------- ----------- ----- -------
00000000    00000000    00003ce0   00003ce0    r-x
  00000000    00000000    000000e4   000000e4    r-- .intvecs
  000000e4    000000e4    000039e0   000039e0    r-x .text
  00003ac4    00003ac4    0000018e   0000018e    r-- .const
  00003c58    00003c58    00000088   00000088    r-- .cinit
20000000    20000000    000001c8   00000000    rw-
  20000000    20000000    00000176   00000000    rw- .data
  20000178    20000178    00000050   00000000    rw- .bss
2000fe00    2000fe00    00000200   00000000    rw-
  2000fe00    2000fe00    00000200   00000000    rw- .stack


SECTION ALLOCATION MAP

 output                                  attributes/
section   page    origin      length       input sections
--------  ----  ----------  ----------   ----------------
.intvecs   0    00000000    000000e4     
                  00000000    000000e4     startup_msp432p401r_ccs.obj (.intvecs:retain)

.text      0    000000e4    000039e0     
                  000000e4    0000113e     rtsv7M4_T_le_v4SPD16_eabi.lib : _printfi.obj (.text)
                  00001222    00000002                                   : mpu_init.obj (.text)
                  00001224    00000a9c     CTS_Layer.obj (.text)
                  00001cc0    0000052c     main.obj (.text)
                  000021ec    00000328     system_msp432p401r.obj (.text)
                  00002514    00000200     CTS_HAL.obj (.text)
                  00002714    000001f4     rtsv7M4_T_le_v4SPD16_eabi.lib : ull_div_t2.obj (.text)
                  00002908    000001b6                                   : fd_add_t2.obj (.text)
                  00002abe    00000136                                   : fd_div_t2.obj (.text)
                  00002bf4    00000104     msp432p4xx_driverlib.lib : cs.o (.text:CS_getDCOFrequency)
                  00002cf8    000000fc     rtsv7M4_T_le_v4SPD16_eabi.lib : fd_mul_t2.obj (.text)
                  00002df4    000000fc                                   : s_scalbn.obj (.text)
                  00002ef0    000000cc     clockConfig.obj (.text)
                  00002fbc    0000009c     msp432p4xx_driverlib.lib : cs.o (.text:CS_startHFXTWithTimeout)
                  00003058    0000009c                              : cs.o (.text:CS_startLFXTWithTimeout)
                  000030f4    0000009c                              : cs.o (.text:_CSComputeCLKFrequency)
                  00003190    0000009c     rtsv7M4_T_le_v4SPD16_eabi.lib : memcpy_t2.obj (.text)
                  0000322c    00000086                                   : fd_cmp_t2.obj (.text:__aeabi_cdcmple)
                  000032b2    00000086                                   : fd_cmp_t2.obj (.text:__aeabi_cdrcmple)
                  00003338    0000007a                                   : memset_t2.obj (.text)
                  000033b2    00000002                                   : startup.obj (.text)
                  000033b4    00000070     msp432p4xx_driverlib.lib : cs.o (.text:_CSGetHFXTFrequency)
                  00003424    00000070     rtsv7M4_T_le_v4SPD16_eabi.lib : autoinit.obj (.text)
                  00003494    00000070                                   : printf.obj (.text)
                  00003504    00000068                                   : copy_decompress_lzss.obj (.text:decompress:lzss)
                  0000356c    00000064                                   : s_frexp.obj (.text)
                  000035d0    00000060                                   : sprintf.obj (.text)
                  00003630    00000054                                   : boot.obj (.text)
                  00003684    00000054                                   : exit.obj (.text)
                  000036d8    00000054                                   : ltoa.obj (.text)
                  0000372c    00000050     msp432p4xx_driverlib.lib : sysctl.o (.text:SysCtl_getTLVInfo)
                  0000377c    00000050     sysTick.obj (.text)
                  000037cc    0000004c     msp432p4xx_driverlib.lib : cs.o (.text:_CSGetDOCFrequency)
                  00003818    0000004c     rtsv7M4_T_le_v4SPD16_eabi.lib : atoi.obj (.text)
                  00003864    0000004c                                   : cpy_tbl.obj (.text)
                  000038b0    00000048     msp432p4xx_driverlib.lib : cs.o (.text:_CSGetDividerValue)
                  000038f8    00000048     rtsv7M4_T_le_v4SPD16_eabi.lib : fd_toi_t2.obj (.text)
                  00003940    0000002e                                   : i_tofd_t2.obj (.text)
                  0000396e    00000002     --HOLE-- [fill = 0]
                  00003970    00000024     msp432p4xx_driverlib.lib : cs.o (.text:CS_clearInterruptFlag)
                  00003994    0000001c     rtsv7M4_T_le_v4SPD16_eabi.lib : memccpy.obj (.text)
                  000039b0    00000018     msp432p4xx_driverlib.lib : cs.o (.text:CS_getMCLK)
                  000039c8    00000018                              : cs.o (.text:CS_getSMCLK)
                  000039e0    00000018     rtsv7M4_T_le_v4SPD16_eabi.lib : args_main.obj (.text)
                  000039f8    00000016                                   : strchr.obj (.text)
                  00003a0e    00000002     --HOLE-- [fill = 0]
                  00003a10    00000014     msp432p4xx_driverlib.lib : cs.o (.text:CS_setExternalClockSourceFrequency)
                  00003a24    00000014     rtsv7M4_T_le_v4SPD16_eabi.lib : _lock.obj (.text)
                  00003a38    00000014                                   : s_copysign.obj (.text)
                  00003a4c    00000014                                   : strlen.obj (.text)
                  00003a60    00000010     msp432p4xx_driverlib.lib : sysctl.o (.text:SysCtl_disableNMISource)
                  00003a70    00000010                              : sysctl.o (.text:SysCtl_enableNMISource)
                  00003a80    0000000e     rtsv7M4_T_le_v4SPD16_eabi.lib : copy_decompress_none.obj (.text:decompress:none)
                  00003a8e    0000000e     startup_msp432p401r_ccs.obj (.text)
                  00003a9c    0000000c     msp432p4xx_driverlib.lib : sysctl.o (.text:SysCtl_getNMISourceStatus)
                  00003aa8    0000000c     rtsv7M4_T_le_v4SPD16_eabi.lib : copy_zero_init.obj (.text:decompress:ZI)
                  00003ab4    00000006     msp432p4xx_driverlib.lib : cs.o (.text:CS_startHFXT)
                  00003aba    00000006                              : cs.o (.text:CS_startLFXT)
                  00003ac0    00000004     rtsv7M4_T_le_v4SPD16_eabi.lib : pre_init.obj (.text)

.const     0    00003ac4    0000018e     
                  00003ac4    00000101     rtsv7M4_T_le_v4SPD16_eabi.lib : ctype.obj (.const:.string:_ctypes_)
                  00003bc5    00000003     --HOLE-- [fill = 0]
                  00003bc8    0000002e     main.obj (.const:.string)
                  00003bf6    00000002     --HOLE-- [fill = 0]
                  00003bf8    00000024     structure.obj (.const:my_keys)
                  00003c1c    00000024     main.obj (.const:uartConfig)
                  00003c40    00000006     structure.obj (.const:down_element)
                  00003c46    00000006     structure.obj (.const:select_element)
                  00003c4c    00000006     structure.obj (.const:up_element)

.cinit     0    00003c58    00000088     
                  00003c58    00000064     (.cinit..data.load) [load image, compression = lzss]
                  00003cbc    0000000c     (__TI_handler_table)
                  00003cc8    00000008     (.cinit..bss.load) [load image, compression = zero_init]
                  00003cd0    00000010     (__TI_cinit_table)

.init_array 
*          0    00000000    00000000     UNINITIALIZED

.data      0    20000000    00000176     UNINITIALIZED
                  20000000    000000f0     rtsv7M4_T_le_v4SPD16_eabi.lib : defs.obj (.data:_ftable)
                  200000f0    00000030     main.obj (.data:setup_steps)
                  20000120    0000001c     main.obj (.data:currentTime)
                  2000013c    00000018     main.obj (.data)
                  20000154    0000000c     rtsv7M4_T_le_v4SPD16_eabi.lib : exit.obj (.data:$O1$$)
                  20000160    00000008                                   : _lock.obj (.data:$O1$$)
                  20000168    00000004                                   : errno.obj (.data)
                  2000016c    00000004                                   : stkdepth_vars.obj (.data)
                  20000170    00000004     system_msp432p401r.obj (.data)
                  20000174    00000002     CTS_Layer.obj (.data)

.bss       0    20000178    00000050     UNINITIALIZED
                  20000178    0000001c     (.common:newtime)
                  20000194    0000000c     (.common:baseCnt)
                  200001a0    00000008     (.common:delta_count)
                  200001a8    00000008     (.common:measCnt)
                  200001b0    00000008     (.common:raw_count)
                  200001b8    00000004     (.common:MCLKfreq)
                  200001bc    00000004     (.common:SMCLKfreq)
                  200001c0    00000004     (.common:hfxtFreq)
                  200001c4    00000004     (.common:lfxtFreq)

.stack     0    2000fe00    00000200     UNINITIALIZED
                  2000fe00    00000200     --HOLE--

MODULE SUMMARY

       Module                        code    ro data   rw data
       ------                        ----    -------   -------
    .\
       CTS_Layer.obj                 2716    0         22     
       main.obj                      1324    82        144    
       system_msp432p401r.obj        808     0         4      
       CTS_HAL.obj                   512     0         0      
       startup_msp432p401r_ccs.obj   14      228       0      
       clockConfig.obj               204     0         8      
       sysTick.obj                   80      0         0      
       structure.obj                 0       54        0      
    +--+-----------------------------+-------+---------+---------+
       Total:                        5658    364       178    
                                                              
    C:/ti/msp/MSP432Ware_3_50_00_02/driverlib/driverlib/MSP432P4xx/ccs/msp432p4xx_driverlib.lib
       cs.o                          1104    0         8      
       sysctl.o                      124     0         0      
    +--+-----------------------------+-------+---------+---------+
       Total:                        1228    0         8      
                                                              
    C:\ti\ccsv7\tools\compiler\ti-cgt-arm_16.9.6.LTS\lib\rtsv7M4_T_le_v4SPD16_eabi.lib
       _printfi.obj                  4414    0         0      
       ull_div_t2.obj                500     0         0      
       fd_add_t2.obj                 438     0         0      
       fd_div_t2.obj                 310     0         0      
       fd_cmp_t2.obj                 268     0         0      
       ctype.obj                     0       257       0      
       fd_mul_t2.obj                 252     0         0      
       s_scalbn.obj                  252     0         0      
       defs.obj                      0       0         240    
       memcpy_t2.obj                 156     0         0      
       memset_t2.obj                 122     0         0      
       autoinit.obj                  112     0         0      
       printf.obj                    112     0         0      
       copy_decompress_lzss.obj      104     0         0      
       s_frexp.obj                   100     0         0      
       exit.obj                      84      0         12     
       sprintf.obj                   96      0         0      
       boot.obj                      84      0         0      
       ltoa.obj                      84      0         0      
       atoi.obj                      76      0         0      
       cpy_tbl.obj                   76      0         0      
       fd_toi_t2.obj                 72      0         0      
       i_tofd_t2.obj                 46      0         0      
       _lock.obj                     20      0         8      
       memccpy.obj                   28      0         0      
       args_main.obj                 24      0         0      
       strchr.obj                    22      0         0      
       s_copysign.obj                20      0         0      
       strlen.obj                    20      0         0      
       copy_decompress_none.obj      14      0         0      
       copy_zero_init.obj            12      0         0      
       errno.obj                     0       0         4      
       pre_init.obj                  4       0         0      
       stkdepth_vars.obj             0       0         4      
       mpu_init.obj                  2       0         0      
       startup.obj                   2       0         0      
    +--+-----------------------------+-------+---------+---------+
       Total:                        7926    257       268    
                                                              
       Stack:                        0       0         512    
       Linker Generated:             0       136       0      
    +--+-----------------------------+-------+---------+---------+
       Grand Total:                  14812   757       966    


LINKER GENERATED COPY TABLES

__TI_cinit_table @ 00003cd0 records: 2, size/record: 8, table size: 16
	.data: load addr=00003c58, load size=00000064 bytes, run addr=20000000, run size=00000176 bytes, compression=lzss
	.bss: load addr=00003cc8, load size=00000008 bytes, run addr=20000178, run size=00000050 bytes, compression=zero_init


LINKER GENERATED HANDLER TABLE

__TI_handler_table @ 00003cbc records: 3, size/record: 4, table size: 12
	index: 0, handler: __TI_decompress_lzss
	index: 1, handler: __TI_decompress_none
	index: 2, handler: __TI_zero_init


GLOBAL SYMBOLS: SORTED ALPHABETICALLY BY Name 

address   name                              
-------   ----                              
00003a9b  ADC14_IRQHandler                  
00003a9b  AES256_IRQHandler                 
00003a9b  BusFault_Handler                  
00003685  C$$EXIT                           
00003a9b  COMP_E0_IRQHandler                
00003a9b  COMP_E1_IRQHandler                
00003a9b  CS_IRQHandler                     
00003971  CS_clearInterruptFlag             
00002bf5  CS_getDCOFrequency                
000039b1  CS_getMCLK                        
000039c9  CS_getSMCLK                       
00003a11  CS_setExternalClockSourceFrequency
00003ab5  CS_startHFXT                      
00002fbd  CS_startHFXTWithTimeout           
00003abb  CS_startLFXT                      
00003059  CS_startLFXTWithTimeout           
00003a9b  DMA_ERR_IRQHandler                
00003a9b  DMA_INT0_IRQHandler               
00003a9b  DMA_INT1_IRQHandler               
00003a9b  DMA_INT2_IRQHandler               
00003a9b  DMA_INT3_IRQHandler               
00003a9b  DebugMon_Handler                  
00003a9b  Default_Handler                   
00001bb5  Dominant_Element                  
00003a9b  EUSCIA0_IRQHandler                
00003a9b  EUSCIA1_IRQHandler                
00003a9b  EUSCIA2_IRQHandler                
00003a9b  EUSCIA3_IRQHandler                
00003a9b  EUSCIB0_IRQHandler                
00003a9b  EUSCIB1_IRQHandler                
00003a9b  EUSCIB2_IRQHandler                
00003a9b  EUSCIB3_IRQHandler                
00003a9b  FLCTL_IRQHandler                  
00003a9b  FPU_IRQHandler                    
00003a9b  HardFault_Handler                 
200001b8  MCLKfreq                          
00003a9b  MemManage_Handler                 
00003a9b  NMI_Handler                       
00003a9b  PCM_IRQHandler                    
00003a9b  PORT1_IRQHandler                  
00003a9b  PORT2_IRQHandler                  
00003a9b  PORT3_IRQHandler                  
00003a9b  PORT4_IRQHandler                  
00003a9b  PORT5_IRQHandler                  
00003a9b  PORT6_IRQHandler                  
00003a9b  PSS_IRQHandler                    
00003a9b  PendSV_Handler                    
00002101  RTC_C_IRQHandler                  
00002101  RTC_C_IRQHandler                  
00003a8f  Reset_Handler                     
20000140  SET_TIME                          
UNDEFED   SHT$$INIT_ARRAY$$Base             
UNDEFED   SHT$$INIT_ARRAY$$Limit            
200001bc  SMCLKfreq                         
00003a9b  SVC_Handler                       
00003a61  SysCtl_disableNMISource           
00003a71  SysCtl_enableNMISource            
00003a9d  SysCtl_getNMISourceStatus         
0000372d  SysCtl_getTLVInfo                 
00003a9b  SysTick_Handler                   
00003799  SysTick_delay                     
20000170  SystemCoreClock                   
000021ed  SystemCoreClockUpdate             
00002461  SystemInit                        
00003a9b  T32_INT1_IRQHandler               
00003a9b  T32_INT2_IRQHandler               
00003a9b  T32_INTC_IRQHandler               
00003a9b  TA0_0_IRQHandler                  
00003a9b  TA0_N_IRQHandler                  
00003a9b  TA1_0_IRQHandler                  
00003a9b  TA1_N_IRQHandler                  
00003a9b  TA2_0_IRQHandler                  
00003a9b  TA2_N_IRQHandler                  
00003a9b  TA3_0_IRQHandler                  
00003a9b  TA3_N_IRQHandler                  
000018c5  TI_CAPT_Button                    
000018eb  TI_CAPT_Buttons                   
00001335  TI_CAPT_Custom                    
0000123d  TI_CAPT_Init_Baseline             
00001225  TI_CAPT_Raw                       
000012d9  TI_CAPT_Reset_Tracking            
00001253  TI_CAPT_Update_Baseline           
000012e1  TI_CAPT_Update_Tracking_DOI       
00001309  TI_CAPT_Update_Tracking_Rate      
00001937  TI_CAPT_Wheel                     
000025af  TI_CTS_RO_CTIO_TA2_WDTA_HAL       
00001d1b  UART_init                         
00003a9b  UsageFault_Handler                
4000480c  WDTCTL_SYM                        
000026e9  WDT_A_IRQHandler                  
000026e9  WDT_A_IRQHandler                  
20010000  __STACK_END                       
00000200  __STACK_SIZE                      
00003cd0  __TI_CINIT_Base                   
00003ce0  __TI_CINIT_Limit                  
00003cbc  __TI_Handler_Table_Base           
00003cc8  __TI_Handler_Table_Limit          
00003425  __TI_auto_init                    
20000154  __TI_cleanup_ptr                  
00003505  __TI_decompress_lzss              
00003a81  __TI_decompress_none              
20000158  __TI_dtors_ptr                    
2000015c  __TI_enable_exit_profile_output   
ffffffff  __TI_pprof_out_hndl               
00000929  __TI_printfi                      
ffffffff  __TI_prof_data_size               
ffffffff  __TI_prof_data_start              
00000000  __TI_static_base__                
00003aa9  __TI_zero_init                    
0000322d  __aeabi_cdcmpeq                   
0000322d  __aeabi_cdcmple                   
000032b3  __aeabi_cdrcmple                  
000038f9  __aeabi_d2iz                      
00002913  __aeabi_dadd                      
00002abf  __aeabi_ddiv                      
00002cf9  __aeabi_dmul                      
00002909  __aeabi_dsub                      
00003941  __aeabi_i2d                       
00003339  __aeabi_memclr                    
00003339  __aeabi_memclr4                   
00003339  __aeabi_memclr8                   
00003191  __aeabi_memcpy                    
00003191  __aeabi_memcpy4                   
00003191  __aeabi_memcpy8                   
0000333b  __aeabi_memset                    
0000333b  __aeabi_memset4                   
0000333b  __aeabi_memset8                   
00002715  __aeabi_uldivmod                  
ffffffff  __binit__                         
ffffffff  __c_args__                        
00001223  __mpu_init                        
2000fe00  __stack                           
000039e1  _args_main                        
00003631  _c_int00                          
00003ac4  _ctypes_                          
20000000  _ftable                           
20000160  _lock                             
00003a33  _nop                              
00003a2b  _register_lock                    
00003a25  _register_unlock                  
000033b3  _system_post_cinit                
00003ac1  _system_pre_init                  
20000164  _unlock                           
00003689  abort                             
00003819  atoi                              
20000194  baseCnt                           
ffffffff  binit                             
00002f37  clockInit48MHzXTL                 
00002efd  clockStartUp                      
00003865  copy_in                           
00003a39  copysign                          
00003a39  copysignl                         
20000174  ctsStatusReg                      
20000120  currentTime                       
2000013c  current_Stage                     
200001a0  delta_count                       
00003c40  down_element                      
20000168  errno                             
00003691  exit                              
00001cc1  fputc                             
00001cdf  fputs                             
0000356d  frexp                             
0000356d  frexpl                            
00002ef1  getMCLKfreq                       
00002ef7  getSMCLKfreq                      
00000000  interruptVectors                  
00002df5  ldexp                             
00002df5  ldexpl                            
000036d9  ltoa                              
00001d5d  main                              
2000016c  main_func_sp                      
200001a8  measCnt                           
00003995  memccpy                           
00003191  memcpy                            
00003341  memset                            
00003bf8  my_keys                           
20000178  newtime                           
2000014c  print_count                       
0000349d  printf                            
200001b0  raw_count                         
20000148  reset_time                        
00002df5  scalbn                            
00002df5  scalbnl                           
20000150  second_count                      
00003c46  select_element                    
200000f0  setup_steps                       
000035d1  sprintf                           
000039f9  strchr                            
00003a4d  strlen                            
0000377d  sysTickInit                       
00003c1c  uartConfig                        
00003c4c  up_element                        
20000144  value                             


GLOBAL SYMBOLS: SORTED BY Symbol Address 

address   name                              
-------   ----                              
00000000  __TI_static_base__                
00000000  interruptVectors                  
00000200  __STACK_SIZE                      
00000929  __TI_printfi                      
00001223  __mpu_init                        
00001225  TI_CAPT_Raw                       
0000123d  TI_CAPT_Init_Baseline             
00001253  TI_CAPT_Update_Baseline           
000012d9  TI_CAPT_Reset_Tracking            
000012e1  TI_CAPT_Update_Tracking_DOI       
00001309  TI_CAPT_Update_Tracking_Rate      
00001335  TI_CAPT_Custom                    
000018c5  TI_CAPT_Button                    
000018eb  TI_CAPT_Buttons                   
00001937  TI_CAPT_Wheel                     
00001bb5  Dominant_Element                  
00001cc1  fputc                             
00001cdf  fputs                             
00001d1b  UART_init                         
00001d5d  main                              
00002101  RTC_C_IRQHandler                  
00002101  RTC_C_IRQHandler                  
000021ed  SystemCoreClockUpdate             
00002461  SystemInit                        
000025af  TI_CTS_RO_CTIO_TA2_WDTA_HAL       
000026e9  WDT_A_IRQHandler                  
000026e9  WDT_A_IRQHandler                  
00002715  __aeabi_uldivmod                  
00002909  __aeabi_dsub                      
00002913  __aeabi_dadd                      
00002abf  __aeabi_ddiv                      
00002bf5  CS_getDCOFrequency                
00002cf9  __aeabi_dmul                      
00002df5  ldexp                             
00002df5  ldexpl                            
00002df5  scalbn                            
00002df5  scalbnl                           
00002ef1  getMCLKfreq                       
00002ef7  getSMCLKfreq                      
00002efd  clockStartUp                      
00002f37  clockInit48MHzXTL                 
00002fbd  CS_startHFXTWithTimeout           
00003059  CS_startLFXTWithTimeout           
00003191  __aeabi_memcpy                    
00003191  __aeabi_memcpy4                   
00003191  __aeabi_memcpy8                   
00003191  memcpy                            
0000322d  __aeabi_cdcmpeq                   
0000322d  __aeabi_cdcmple                   
000032b3  __aeabi_cdrcmple                  
00003339  __aeabi_memclr                    
00003339  __aeabi_memclr4                   
00003339  __aeabi_memclr8                   
0000333b  __aeabi_memset                    
0000333b  __aeabi_memset4                   
0000333b  __aeabi_memset8                   
00003341  memset                            
000033b3  _system_post_cinit                
00003425  __TI_auto_init                    
0000349d  printf                            
00003505  __TI_decompress_lzss              
0000356d  frexp                             
0000356d  frexpl                            
000035d1  sprintf                           
00003631  _c_int00                          
00003685  C$$EXIT                           
00003689  abort                             
00003691  exit                              
000036d9  ltoa                              
0000372d  SysCtl_getTLVInfo                 
0000377d  sysTickInit                       
00003799  SysTick_delay                     
00003819  atoi                              
00003865  copy_in                           
000038f9  __aeabi_d2iz                      
00003941  __aeabi_i2d                       
00003971  CS_clearInterruptFlag             
00003995  memccpy                           
000039b1  CS_getMCLK                        
000039c9  CS_getSMCLK                       
000039e1  _args_main                        
000039f9  strchr                            
00003a11  CS_setExternalClockSourceFrequency
00003a25  _register_unlock                  
00003a2b  _register_lock                    
00003a33  _nop                              
00003a39  copysign                          
00003a39  copysignl                         
00003a4d  strlen                            
00003a61  SysCtl_disableNMISource           
00003a71  SysCtl_enableNMISource            
00003a81  __TI_decompress_none              
00003a8f  Reset_Handler                     
00003a9b  ADC14_IRQHandler                  
00003a9b  AES256_IRQHandler                 
00003a9b  BusFault_Handler                  
00003a9b  COMP_E0_IRQHandler                
00003a9b  COMP_E1_IRQHandler                
00003a9b  CS_IRQHandler                     
00003a9b  DMA_ERR_IRQHandler                
00003a9b  DMA_INT0_IRQHandler               
00003a9b  DMA_INT1_IRQHandler               
00003a9b  DMA_INT2_IRQHandler               
00003a9b  DMA_INT3_IRQHandler               
00003a9b  DebugMon_Handler                  
00003a9b  Default_Handler                   
00003a9b  EUSCIA0_IRQHandler                
00003a9b  EUSCIA1_IRQHandler                
00003a9b  EUSCIA2_IRQHandler                
00003a9b  EUSCIA3_IRQHandler                
00003a9b  EUSCIB0_IRQHandler                
00003a9b  EUSCIB1_IRQHandler                
00003a9b  EUSCIB2_IRQHandler                
00003a9b  EUSCIB3_IRQHandler                
00003a9b  FLCTL_IRQHandler                  
00003a9b  FPU_IRQHandler                    
00003a9b  HardFault_Handler                 
00003a9b  MemManage_Handler                 
00003a9b  NMI_Handler                       
00003a9b  PCM_IRQHandler                    
00003a9b  PORT1_IRQHandler                  
00003a9b  PORT2_IRQHandler                  
00003a9b  PORT3_IRQHandler                  
00003a9b  PORT4_IRQHandler                  
00003a9b  PORT5_IRQHandler                  
00003a9b  PORT6_IRQHandler                  
00003a9b  PSS_IRQHandler                    
00003a9b  PendSV_Handler                    
00003a9b  SVC_Handler                       
00003a9b  SysTick_Handler                   
00003a9b  T32_INT1_IRQHandler               
00003a9b  T32_INT2_IRQHandler               
00003a9b  T32_INTC_IRQHandler               
00003a9b  TA0_0_IRQHandler                  
00003a9b  TA0_N_IRQHandler                  
00003a9b  TA1_0_IRQHandler                  
00003a9b  TA1_N_IRQHandler                  
00003a9b  TA2_0_IRQHandler                  
00003a9b  TA2_N_IRQHandler                  
00003a9b  TA3_0_IRQHandler                  
00003a9b  TA3_N_IRQHandler                  
00003a9b  UsageFault_Handler                
00003a9d  SysCtl_getNMISourceStatus         
00003aa9  __TI_zero_init                    
00003ab5  CS_startHFXT                      
00003abb  CS_startLFXT                      
00003ac1  _system_pre_init                  
00003ac4  _ctypes_                          
00003bf8  my_keys                           
00003c1c  uartConfig                        
00003c40  down_element                      
00003c46  select_element                    
00003c4c  up_element                        
00003cbc  __TI_Handler_Table_Base           
00003cc8  __TI_Handler_Table_Limit          
00003cd0  __TI_CINIT_Base                   
00003ce0  __TI_CINIT_Limit                  
20000000  _ftable                           
200000f0  setup_steps                       
20000120  currentTime                       
2000013c  current_Stage                     
20000140  SET_TIME                          
20000144  value                             
20000148  reset_time                        
2000014c  print_count                       
20000150  second_count                      
20000154  __TI_cleanup_ptr                  
20000158  __TI_dtors_ptr                    
2000015c  __TI_enable_exit_profile_output   
20000160  _lock                             
20000164  _unlock                           
20000168  errno                             
2000016c  main_func_sp                      
20000170  SystemCoreClock                   
20000174  ctsStatusReg                      
20000178  newtime                           
20000194  baseCnt                           
200001a0  delta_count                       
200001a8  measCnt                           
200001b0  raw_count                         
200001b8  MCLKfreq                          
200001bc  SMCLKfreq                         
2000fe00  __stack                           
20010000  __STACK_END                       
4000480c  WDTCTL_SYM                        
ffffffff  __TI_pprof_out_hndl               
ffffffff  __TI_prof_data_size               
ffffffff  __TI_prof_data_start              
ffffffff  __binit__                         
ffffffff  __c_args__                        
ffffffff  binit                             
UNDEFED   SHT$$INIT_ARRAY$$Base             
UNDEFED   SHT$$INIT_ARRAY$$Limit            

[193 symbols]
