******************************************************************************
                  TI ARM Linker PC v16.9.6                     
******************************************************************************
>> Linked Tue Feb 20 17:18:55 2018

OUTPUT FILE NAME:   <Terminal_RTC_set_With_SD.out>
ENTRY POINT SYMBOL: "_c_int00"  address: 000035f1


MEMORY CONFIGURATION

         name            origin    length      used     unused   attr    fill
----------------------  --------  ---------  --------  --------  ----  --------
  MAIN                  00000000   00040000  00003cb6  0003c34a  R  X
  INFO                  00200000   00004000  00000000  00004000  R  X
  SRAM_CODE             01000000   00010000  00000000  00010000  RW X
  SRAM_DATA             20000000   00010000  000003d2  0000fc2e  RW  


SEGMENT ALLOCATION MAP

run origin  load origin   length   init length attrs members
----------  ----------- ---------- ----------- ----- -------
00000000    00000000    00003cb8   00003cb8    r-x
  00000000    00000000    000000e4   000000e4    r-- .intvecs
  000000e4    000000e4    000039a0   000039a0    r-x .text
  00003a84    00003a84    0000019a   0000019a    r-- .const
  00003c20    00003c20    00000098   00000098    r-- .cinit
20000000    20000000    000001d4   00000000    rw-
  20000000    20000000    00000182   00000000    rw- .data
  20000184    20000184    00000050   00000000    rw- .bss
2000fe00    2000fe00    00000200   00000000    rw-
  2000fe00    2000fe00    00000200   00000000    rw- .stack


SECTION ALLOCATION MAP

 output                                  attributes/
section   page    origin      length       input sections
--------  ----  ----------  ----------   ----------------
.intvecs   0    00000000    000000e4     
                  00000000    000000e4     startup_msp432p401r_ccs.obj (.intvecs:retain)

.text      0    000000e4    000039a0     
                  000000e4    0000113e     rtsv7M4_T_le_v4SPD16_eabi.lib : _printfi.obj (.text)
                  00001222    00000002                                   : mpu_init.obj (.text)
                  00001224    00000a9c     CTS_Layer.obj (.text)
                  00001cc0    000004ec     main.obj (.text)
                  000021ac    00000328     system_msp432p401r.obj (.text)
                  000024d4    00000200     CTS_HAL.obj (.text)
                  000026d4    000001f4     rtsv7M4_T_le_v4SPD16_eabi.lib : ull_div_t2.obj (.text)
                  000028c8    000001b6                                   : fd_add_t2.obj (.text)
                  00002a7e    00000136                                   : fd_div_t2.obj (.text)
                  00002bb4    00000104     msp432p4xx_driverlib.lib : cs.o (.text:CS_getDCOFrequency)
                  00002cb8    000000fc     rtsv7M4_T_le_v4SPD16_eabi.lib : fd_mul_t2.obj (.text)
                  00002db4    000000fc                                   : s_scalbn.obj (.text)
                  00002eb0    000000cc     clockConfig.obj (.text)
                  00002f7c    0000009c     msp432p4xx_driverlib.lib : cs.o (.text:CS_startHFXTWithTimeout)
                  00003018    0000009c                              : cs.o (.text:CS_startLFXTWithTimeout)
                  000030b4    0000009c                              : cs.o (.text:_CSComputeCLKFrequency)
                  00003150    0000009c     rtsv7M4_T_le_v4SPD16_eabi.lib : memcpy_t2.obj (.text)
                  000031ec    00000086                                   : fd_cmp_t2.obj (.text:__aeabi_cdcmple)
                  00003272    00000086                                   : fd_cmp_t2.obj (.text:__aeabi_cdrcmple)
                  000032f8    0000007a                                   : memset_t2.obj (.text)
                  00003372    00000002                                   : startup.obj (.text)
                  00003374    00000070     msp432p4xx_driverlib.lib : cs.o (.text:_CSGetHFXTFrequency)
                  000033e4    00000070     rtsv7M4_T_le_v4SPD16_eabi.lib : autoinit.obj (.text)
                  00003454    00000070                                   : printf.obj (.text)
                  000034c4    00000068                                   : copy_decompress_lzss.obj (.text:decompress:lzss)
                  0000352c    00000064                                   : s_frexp.obj (.text)
                  00003590    00000060                                   : sprintf.obj (.text)
                  000035f0    00000054                                   : boot.obj (.text)
                  00003644    00000054                                   : exit.obj (.text)
                  00003698    00000054                                   : ltoa.obj (.text)
                  000036ec    00000050     msp432p4xx_driverlib.lib : sysctl.o (.text:SysCtl_getTLVInfo)
                  0000373c    00000050     sysTick.obj (.text)
                  0000378c    0000004c     msp432p4xx_driverlib.lib : cs.o (.text:_CSGetDOCFrequency)
                  000037d8    0000004c     rtsv7M4_T_le_v4SPD16_eabi.lib : atoi.obj (.text)
                  00003824    0000004c                                   : cpy_tbl.obj (.text)
                  00003870    00000048     msp432p4xx_driverlib.lib : cs.o (.text:_CSGetDividerValue)
                  000038b8    00000048     rtsv7M4_T_le_v4SPD16_eabi.lib : fd_toi_t2.obj (.text)
                  00003900    0000002e                                   : i_tofd_t2.obj (.text)
                  0000392e    00000002     --HOLE-- [fill = 0]
                  00003930    00000024     msp432p4xx_driverlib.lib : cs.o (.text:CS_clearInterruptFlag)
                  00003954    0000001c     rtsv7M4_T_le_v4SPD16_eabi.lib : memccpy.obj (.text)
                  00003970    00000018     msp432p4xx_driverlib.lib : cs.o (.text:CS_getMCLK)
                  00003988    00000018                              : cs.o (.text:CS_getSMCLK)
                  000039a0    00000018     rtsv7M4_T_le_v4SPD16_eabi.lib : args_main.obj (.text)
                  000039b8    00000016                                   : strchr.obj (.text)
                  000039ce    00000002     --HOLE-- [fill = 0]
                  000039d0    00000014     msp432p4xx_driverlib.lib : cs.o (.text:CS_setExternalClockSourceFrequency)
                  000039e4    00000014     rtsv7M4_T_le_v4SPD16_eabi.lib : _lock.obj (.text)
                  000039f8    00000014                                   : s_copysign.obj (.text)
                  00003a0c    00000014                                   : strlen.obj (.text)
                  00003a20    00000010     msp432p4xx_driverlib.lib : sysctl.o (.text:SysCtl_disableNMISource)
                  00003a30    00000010                              : sysctl.o (.text:SysCtl_enableNMISource)
                  00003a40    0000000e     rtsv7M4_T_le_v4SPD16_eabi.lib : copy_decompress_none.obj (.text:decompress:none)
                  00003a4e    0000000e     startup_msp432p401r_ccs.obj (.text)
                  00003a5c    0000000c     msp432p4xx_driverlib.lib : sysctl.o (.text:SysCtl_getNMISourceStatus)
                  00003a68    0000000c     rtsv7M4_T_le_v4SPD16_eabi.lib : copy_zero_init.obj (.text:decompress:ZI)
                  00003a74    00000006     msp432p4xx_driverlib.lib : cs.o (.text:CS_startHFXT)
                  00003a7a    00000006                              : cs.o (.text:CS_startLFXT)
                  00003a80    00000004     rtsv7M4_T_le_v4SPD16_eabi.lib : pre_init.obj (.text)

.const     0    00003a84    0000019a     
                  00003a84    00000101     rtsv7M4_T_le_v4SPD16_eabi.lib : ctype.obj (.const:.string:_ctypes_)
                  00003b85    00000003     --HOLE-- [fill = 0]
                  00003b88    0000003c     main.obj (.const:.string)
                  00003bc4    00000024     structure.obj (.const:my_keys)
                  00003be8    00000024     main.obj (.const:uartConfig)
                  00003c0c    00000006     structure.obj (.const:down_element)
                  00003c12    00000006     structure.obj (.const:select_element)
                  00003c18    00000006     structure.obj (.const:up_element)

.cinit     0    00003c20    00000098     
                  00003c20    0000006d     (.cinit..data.load) [load image, compression = lzss]
                  00003c8d    00000003     --HOLE-- [fill = 0]
                  00003c90    0000000c     (__TI_handler_table)
                  00003c9c    00000004     --HOLE-- [fill = 0]
                  00003ca0    00000008     (.cinit..bss.load) [load image, compression = zero_init]
                  00003ca8    00000010     (__TI_cinit_table)

.init_array 
*          0    00000000    00000000     UNINITIALIZED

.data      0    20000000    00000182     UNINITIALIZED
                  20000000    000000f0     rtsv7M4_T_le_v4SPD16_eabi.lib : defs.obj (.data:_ftable)
                  200000f0    0000003c     main.obj (.data:setup_steps)
                  2000012c    0000001c     main.obj (.data:currentTime)
                  20000148    00000018     main.obj (.data)
                  20000160    0000000c     rtsv7M4_T_le_v4SPD16_eabi.lib : exit.obj (.data:$O1$$)
                  2000016c    00000008                                   : _lock.obj (.data:$O1$$)
                  20000174    00000004                                   : errno.obj (.data)
                  20000178    00000004                                   : stkdepth_vars.obj (.data)
                  2000017c    00000004     system_msp432p401r.obj (.data)
                  20000180    00000002     CTS_Layer.obj (.data)

.bss       0    20000184    00000050     UNINITIALIZED
                  20000184    0000001c     (.common:newtime)
                  200001a0    0000000c     (.common:baseCnt)
                  200001ac    00000008     (.common:delta_count)
                  200001b4    00000008     (.common:measCnt)
                  200001bc    00000008     (.common:raw_count)
                  200001c4    00000004     (.common:MCLKfreq)
                  200001c8    00000004     (.common:SMCLKfreq)
                  200001cc    00000004     (.common:hfxtFreq)
                  200001d0    00000004     (.common:lfxtFreq)

.stack     0    2000fe00    00000200     UNINITIALIZED
                  2000fe00    00000200     --HOLE--

MODULE SUMMARY

       Module                        code    ro data   rw data
       ------                        ----    -------   -------
    .\
       CTS_Layer.obj                 2716    0         22     
       main.obj                      1260    96        156    
       system_msp432p401r.obj        808     0         4      
       CTS_HAL.obj                   512     0         0      
       startup_msp432p401r_ccs.obj   14      228       0      
       clockConfig.obj               204     0         8      
       sysTick.obj                   80      0         0      
       structure.obj                 0       54        0      
    +--+-----------------------------+-------+---------+---------+
       Total:                        5594    378       190    
                                                              
    C:/ti/msp/MSP432Ware_3_50_00_02/driverlib/driverlib/MSP432P4xx/ccs/msp432p4xx_driverlib.lib
       cs.o                          1104    0         8      
       sysctl.o                      124     0         0      
    +--+-----------------------------+-------+---------+---------+
       Total:                        1228    0         8      
                                                              
    C:\ti\ccsv7\tools\compiler\ti-cgt-arm_16.9.6.LTS\lib\rtsv7M4_T_le_v4SPD16_eabi.lib
       _printfi.obj                  4414    0         0      
       ull_div_t2.obj                500     0         0      
       fd_add_t2.obj                 438     0         0      
       fd_div_t2.obj                 310     0         0      
       fd_cmp_t2.obj                 268     0         0      
       ctype.obj                     0       257       0      
       fd_mul_t2.obj                 252     0         0      
       s_scalbn.obj                  252     0         0      
       defs.obj                      0       0         240    
       memcpy_t2.obj                 156     0         0      
       memset_t2.obj                 122     0         0      
       autoinit.obj                  112     0         0      
       printf.obj                    112     0         0      
       copy_decompress_lzss.obj      104     0         0      
       s_frexp.obj                   100     0         0      
       exit.obj                      84      0         12     
       sprintf.obj                   96      0         0      
       boot.obj                      84      0         0      
       ltoa.obj                      84      0         0      
       atoi.obj                      76      0         0      
       cpy_tbl.obj                   76      0         0      
       fd_toi_t2.obj                 72      0         0      
       i_tofd_t2.obj                 46      0         0      
       _lock.obj                     20      0         8      
       memccpy.obj                   28      0         0      
       args_main.obj                 24      0         0      
       strchr.obj                    22      0         0      
       s_copysign.obj                20      0         0      
       strlen.obj                    20      0         0      
       copy_decompress_none.obj      14      0         0      
       copy_zero_init.obj            12      0         0      
       errno.obj                     0       0         4      
       pre_init.obj                  4       0         0      
       stkdepth_vars.obj             0       0         4      
       mpu_init.obj                  2       0         0      
       startup.obj                   2       0         0      
    +--+-----------------------------+-------+---------+---------+
       Total:                        7926    257       268    
                                                              
       Stack:                        0       0         512    
       Linker Generated:             0       145       0      
    +--+-----------------------------+-------+---------+---------+
       Grand Total:                  14748   780       978    


LINKER GENERATED COPY TABLES

__TI_cinit_table @ 00003ca8 records: 2, size/record: 8, table size: 16
	.data: load addr=00003c20, load size=0000006d bytes, run addr=20000000, run size=00000182 bytes, compression=lzss
	.bss: load addr=00003ca0, load size=00000008 bytes, run addr=20000184, run size=00000050 bytes, compression=zero_init


LINKER GENERATED HANDLER TABLE

__TI_handler_table @ 00003c90 records: 3, size/record: 4, table size: 12
	index: 0, handler: __TI_decompress_lzss
	index: 1, handler: __TI_decompress_none
	index: 2, handler: __TI_zero_init


GLOBAL SYMBOLS: SORTED ALPHABETICALLY BY Name 

address   name                              
-------   ----                              
00003a5b  ADC14_IRQHandler                  
00003a5b  AES256_IRQHandler                 
00003a5b  BusFault_Handler                  
00003645  C$$EXIT                           
00003a5b  COMP_E0_IRQHandler                
00003a5b  COMP_E1_IRQHandler                
00003a5b  CS_IRQHandler                     
00003931  CS_clearInterruptFlag             
00002bb5  CS_getDCOFrequency                
00003971  CS_getMCLK                        
00003989  CS_getSMCLK                       
000039d1  CS_setExternalClockSourceFrequency
00003a75  CS_startHFXT                      
00002f7d  CS_startHFXTWithTimeout           
00003a7b  CS_startLFXT                      
00003019  CS_startLFXTWithTimeout           
00003a5b  DMA_ERR_IRQHandler                
00003a5b  DMA_INT0_IRQHandler               
00003a5b  DMA_INT1_IRQHandler               
00003a5b  DMA_INT2_IRQHandler               
00003a5b  DMA_INT3_IRQHandler               
00003a5b  DebugMon_Handler                  
00003a5b  Default_Handler                   
00001bb5  Dominant_Element                  
00003a5b  EUSCIA0_IRQHandler                
00003a5b  EUSCIA1_IRQHandler                
00003a5b  EUSCIA2_IRQHandler                
00003a5b  EUSCIA3_IRQHandler                
00003a5b  EUSCIB0_IRQHandler                
00003a5b  EUSCIB1_IRQHandler                
00003a5b  EUSCIB2_IRQHandler                
00003a5b  EUSCIB3_IRQHandler                
00003a5b  FLCTL_IRQHandler                  
00003a5b  FPU_IRQHandler                    
00003a5b  HardFault_Handler                 
200001c4  MCLKfreq                          
00003a5b  MemManage_Handler                 
00003a5b  NMI_Handler                       
00003a5b  PCM_IRQHandler                    
00003a5b  PORT1_IRQHandler                  
00003a5b  PORT2_IRQHandler                  
00003a5b  PORT3_IRQHandler                  
00003a5b  PORT4_IRQHandler                  
00003a5b  PORT5_IRQHandler                  
00003a5b  PORT6_IRQHandler                  
00003a5b  PSS_IRQHandler                    
00003a5b  PendSV_Handler                    
000020b1  RTC_C_IRQHandler                  
000020b1  RTC_C_IRQHandler                  
00003a4f  Reset_Handler                     
2000014c  SET_TIME                          
UNDEFED   SHT$$INIT_ARRAY$$Base             
UNDEFED   SHT$$INIT_ARRAY$$Limit            
200001c8  SMCLKfreq                         
00003a5b  SVC_Handler                       
00003a21  SysCtl_disableNMISource           
00003a31  SysCtl_enableNMISource            
00003a5d  SysCtl_getNMISourceStatus         
000036ed  SysCtl_getTLVInfo                 
00003a5b  SysTick_Handler                   
00003759  SysTick_delay                     
2000017c  SystemCoreClock                   
000021ad  SystemCoreClockUpdate             
00002421  SystemInit                        
00003a5b  T32_INT1_IRQHandler               
00003a5b  T32_INT2_IRQHandler               
00003a5b  T32_INTC_IRQHandler               
00003a5b  TA0_0_IRQHandler                  
00003a5b  TA0_N_IRQHandler                  
00003a5b  TA1_0_IRQHandler                  
00003a5b  TA1_N_IRQHandler                  
00003a5b  TA2_0_IRQHandler                  
00003a5b  TA2_N_IRQHandler                  
00003a5b  TA3_0_IRQHandler                  
00003a5b  TA3_N_IRQHandler                  
000018c5  TI_CAPT_Button                    
000018eb  TI_CAPT_Buttons                   
00001335  TI_CAPT_Custom                    
0000123d  TI_CAPT_Init_Baseline             
00001225  TI_CAPT_Raw                       
000012d9  TI_CAPT_Reset_Tracking            
00001253  TI_CAPT_Update_Baseline           
000012e1  TI_CAPT_Update_Tracking_DOI       
00001309  TI_CAPT_Update_Tracking_Rate      
00001937  TI_CAPT_Wheel                     
0000256f  TI_CTS_RO_CTIO_TA2_WDTA_HAL       
00001d1b  UART_init                         
00003a5b  UsageFault_Handler                
4000480c  WDTCTL_SYM                        
000026a9  WDT_A_IRQHandler                  
000026a9  WDT_A_IRQHandler                  
20010000  __STACK_END                       
00000200  __STACK_SIZE                      
00003ca8  __TI_CINIT_Base                   
00003cb8  __TI_CINIT_Limit                  
00003c90  __TI_Handler_Table_Base           
00003c9c  __TI_Handler_Table_Limit          
000033e5  __TI_auto_init                    
20000160  __TI_cleanup_ptr                  
000034c5  __TI_decompress_lzss              
00003a41  __TI_decompress_none              
20000164  __TI_dtors_ptr                    
20000168  __TI_enable_exit_profile_output   
ffffffff  __TI_pprof_out_hndl               
00000929  __TI_printfi                      
ffffffff  __TI_prof_data_size               
ffffffff  __TI_prof_data_start              
00000000  __TI_static_base__                
00003a69  __TI_zero_init                    
000031ed  __aeabi_cdcmpeq                   
000031ed  __aeabi_cdcmple                   
00003273  __aeabi_cdrcmple                  
000038b9  __aeabi_d2iz                      
000028d3  __aeabi_dadd                      
00002a7f  __aeabi_ddiv                      
00002cb9  __aeabi_dmul                      
000028c9  __aeabi_dsub                      
00003901  __aeabi_i2d                       
000032f9  __aeabi_memclr                    
000032f9  __aeabi_memclr4                   
000032f9  __aeabi_memclr8                   
00003151  __aeabi_memcpy                    
00003151  __aeabi_memcpy4                   
00003151  __aeabi_memcpy8                   
000032fb  __aeabi_memset                    
000032fb  __aeabi_memset4                   
000032fb  __aeabi_memset8                   
000026d5  __aeabi_uldivmod                  
ffffffff  __binit__                         
ffffffff  __c_args__                        
00001223  __mpu_init                        
2000fe00  __stack                           
000039a1  _args_main                        
000035f1  _c_int00                          
00003a84  _ctypes_                          
20000000  _ftable                           
2000016c  _lock                             
000039f3  _nop                              
000039eb  _register_lock                    
000039e5  _register_unlock                  
00003373  _system_post_cinit                
00003a81  _system_pre_init                  
20000170  _unlock                           
00003649  abort                             
000037d9  atoi                              
200001a0  baseCnt                           
ffffffff  binit                             
00002ef7  clockInit48MHzXTL                 
00002ebd  clockStartUp                      
00003825  copy_in                           
000039f9  copysign                          
000039f9  copysignl                         
20000180  ctsStatusReg                      
2000012c  currentTime                       
20000148  current_Stage                     
200001ac  delta_count                       
00003c0c  down_element                      
20000174  errno                             
00003651  exit                              
00001cc1  fputc                             
00001cdf  fputs                             
0000352d  frexp                             
0000352d  frexpl                            
00002eb1  getMCLKfreq                       
00002eb7  getSMCLKfreq                      
00000000  interruptVectors                  
00002db5  ldexp                             
00002db5  ldexpl                            
00003699  ltoa                              
00001d5d  main                              
20000178  main_func_sp                      
200001b4  measCnt                           
00003955  memccpy                           
00003151  memcpy                            
00003301  memset                            
00003bc4  my_keys                           
20000184  newtime                           
20000158  print_count                       
0000345d  printf                            
200001bc  raw_count                         
20000154  reset_time                        
00002db5  scalbn                            
00002db5  scalbnl                           
2000015c  second_count                      
00003c12  select_element                    
200000f0  setup_steps                       
00003591  sprintf                           
000039b9  strchr                            
00003a0d  strlen                            
0000373d  sysTickInit                       
00003be8  uartConfig                        
00003c18  up_element                        
20000150  value                             


GLOBAL SYMBOLS: SORTED BY Symbol Address 

address   name                              
-------   ----                              
00000000  __TI_static_base__                
00000000  interruptVectors                  
00000200  __STACK_SIZE                      
00000929  __TI_printfi                      
00001223  __mpu_init                        
00001225  TI_CAPT_Raw                       
0000123d  TI_CAPT_Init_Baseline             
00001253  TI_CAPT_Update_Baseline           
000012d9  TI_CAPT_Reset_Tracking            
000012e1  TI_CAPT_Update_Tracking_DOI       
00001309  TI_CAPT_Update_Tracking_Rate      
00001335  TI_CAPT_Custom                    
000018c5  TI_CAPT_Button                    
000018eb  TI_CAPT_Buttons                   
00001937  TI_CAPT_Wheel                     
00001bb5  Dominant_Element                  
00001cc1  fputc                             
00001cdf  fputs                             
00001d1b  UART_init                         
00001d5d  main                              
000020b1  RTC_C_IRQHandler                  
000020b1  RTC_C_IRQHandler                  
000021ad  SystemCoreClockUpdate             
00002421  SystemInit                        
0000256f  TI_CTS_RO_CTIO_TA2_WDTA_HAL       
000026a9  WDT_A_IRQHandler                  
000026a9  WDT_A_IRQHandler                  
000026d5  __aeabi_uldivmod                  
000028c9  __aeabi_dsub                      
000028d3  __aeabi_dadd                      
00002a7f  __aeabi_ddiv                      
00002bb5  CS_getDCOFrequency                
00002cb9  __aeabi_dmul                      
00002db5  ldexp                             
00002db5  ldexpl                            
00002db5  scalbn                            
00002db5  scalbnl                           
00002eb1  getMCLKfreq                       
00002eb7  getSMCLKfreq                      
00002ebd  clockStartUp                      
00002ef7  clockInit48MHzXTL                 
00002f7d  CS_startHFXTWithTimeout           
00003019  CS_startLFXTWithTimeout           
00003151  __aeabi_memcpy                    
00003151  __aeabi_memcpy4                   
00003151  __aeabi_memcpy8                   
00003151  memcpy                            
000031ed  __aeabi_cdcmpeq                   
000031ed  __aeabi_cdcmple                   
00003273  __aeabi_cdrcmple                  
000032f9  __aeabi_memclr                    
000032f9  __aeabi_memclr4                   
000032f9  __aeabi_memclr8                   
000032fb  __aeabi_memset                    
000032fb  __aeabi_memset4                   
000032fb  __aeabi_memset8                   
00003301  memset                            
00003373  _system_post_cinit                
000033e5  __TI_auto_init                    
0000345d  printf                            
000034c5  __TI_decompress_lzss              
0000352d  frexp                             
0000352d  frexpl                            
00003591  sprintf                           
000035f1  _c_int00                          
00003645  C$$EXIT                           
00003649  abort                             
00003651  exit                              
00003699  ltoa                              
000036ed  SysCtl_getTLVInfo                 
0000373d  sysTickInit                       
00003759  SysTick_delay                     
000037d9  atoi                              
00003825  copy_in                           
000038b9  __aeabi_d2iz                      
00003901  __aeabi_i2d                       
00003931  CS_clearInterruptFlag             
00003955  memccpy                           
00003971  CS_getMCLK                        
00003989  CS_getSMCLK                       
000039a1  _args_main                        
000039b9  strchr                            
000039d1  CS_setExternalClockSourceFrequency
000039e5  _register_unlock                  
000039eb  _register_lock                    
000039f3  _nop                              
000039f9  copysign                          
000039f9  copysignl                         
00003a0d  strlen                            
00003a21  SysCtl_disableNMISource           
00003a31  SysCtl_enableNMISource            
00003a41  __TI_decompress_none              
00003a4f  Reset_Handler                     
00003a5b  ADC14_IRQHandler                  
00003a5b  AES256_IRQHandler                 
00003a5b  BusFault_Handler                  
00003a5b  COMP_E0_IRQHandler                
00003a5b  COMP_E1_IRQHandler                
00003a5b  CS_IRQHandler                     
00003a5b  DMA_ERR_IRQHandler                
00003a5b  DMA_INT0_IRQHandler               
00003a5b  DMA_INT1_IRQHandler               
00003a5b  DMA_INT2_IRQHandler               
00003a5b  DMA_INT3_IRQHandler               
00003a5b  DebugMon_Handler                  
00003a5b  Default_Handler                   
00003a5b  EUSCIA0_IRQHandler                
00003a5b  EUSCIA1_IRQHandler                
00003a5b  EUSCIA2_IRQHandler                
00003a5b  EUSCIA3_IRQHandler                
00003a5b  EUSCIB0_IRQHandler                
00003a5b  EUSCIB1_IRQHandler                
00003a5b  EUSCIB2_IRQHandler                
00003a5b  EUSCIB3_IRQHandler                
00003a5b  FLCTL_IRQHandler                  
00003a5b  FPU_IRQHandler                    
00003a5b  HardFault_Handler                 
00003a5b  MemManage_Handler                 
00003a5b  NMI_Handler                       
00003a5b  PCM_IRQHandler                    
00003a5b  PORT1_IRQHandler                  
00003a5b  PORT2_IRQHandler                  
00003a5b  PORT3_IRQHandler                  
00003a5b  PORT4_IRQHandler                  
00003a5b  PORT5_IRQHandler                  
00003a5b  PORT6_IRQHandler                  
00003a5b  PSS_IRQHandler                    
00003a5b  PendSV_Handler                    
00003a5b  SVC_Handler                       
00003a5b  SysTick_Handler                   
00003a5b  T32_INT1_IRQHandler               
00003a5b  T32_INT2_IRQHandler               
00003a5b  T32_INTC_IRQHandler               
00003a5b  TA0_0_IRQHandler                  
00003a5b  TA0_N_IRQHandler                  
00003a5b  TA1_0_IRQHandler                  
00003a5b  TA1_N_IRQHandler                  
00003a5b  TA2_0_IRQHandler                  
00003a5b  TA2_N_IRQHandler                  
00003a5b  TA3_0_IRQHandler                  
00003a5b  TA3_N_IRQHandler                  
00003a5b  UsageFault_Handler                
00003a5d  SysCtl_getNMISourceStatus         
00003a69  __TI_zero_init                    
00003a75  CS_startHFXT                      
00003a7b  CS_startLFXT                      
00003a81  _system_pre_init                  
00003a84  _ctypes_                          
00003bc4  my_keys                           
00003be8  uartConfig                        
00003c0c  down_element                      
00003c12  select_element                    
00003c18  up_element                        
00003c90  __TI_Handler_Table_Base           
00003c9c  __TI_Handler_Table_Limit          
00003ca8  __TI_CINIT_Base                   
00003cb8  __TI_CINIT_Limit                  
20000000  _ftable                           
200000f0  setup_steps                       
2000012c  currentTime                       
20000148  current_Stage                     
2000014c  SET_TIME                          
20000150  value                             
20000154  reset_time                        
20000158  print_count                       
2000015c  second_count                      
20000160  __TI_cleanup_ptr                  
20000164  __TI_dtors_ptr                    
20000168  __TI_enable_exit_profile_output   
2000016c  _lock                             
20000170  _unlock                           
20000174  errno                             
20000178  main_func_sp                      
2000017c  SystemCoreClock                   
20000180  ctsStatusReg                      
20000184  newtime                           
200001a0  baseCnt                           
200001ac  delta_count                       
200001b4  measCnt                           
200001bc  raw_count                         
200001c4  MCLKfreq                          
200001c8  SMCLKfreq                         
2000fe00  __stack                           
20010000  __STACK_END                       
4000480c  WDTCTL_SYM                        
ffffffff  __TI_pprof_out_hndl               
ffffffff  __TI_prof_data_size               
ffffffff  __TI_prof_data_start              
ffffffff  __binit__                         
ffffffff  __c_args__                        
ffffffff  binit                             
UNDEFED   SHT$$INIT_ARRAY$$Base             
UNDEFED   SHT$$INIT_ARRAY$$Limit            

[193 symbols]
